[    0.000000] Linux version 4.15.0-212-generic (buildd@lcy02-amd64-083) (gcc version 7.5.0 (Ubuntu 7.5.0-3ubuntu1~18.04)) #223-Ubuntu SMP Tue May 23 13:09:22 UTC 2023 (Ubuntu 4.15.0-212.223-generic 4.15.18)
[    0.000000] Command line: BOOT_IMAGE=/boot/vmlinuz-4.15.0-212-generic root=LABEL=cloudimg-rootfs ro console=tty1 console=ttyS0
[    0.000000] KERNEL supported cpus:
[    0.000000]   Intel GenuineIntel
[    0.000000]   AMD AuthenticAMD
[    0.000000]   Centaur CentaurHauls
[    0.000000] x86/fpu: x87 FPU will use FXSAVE
[    0.000000] e820: BIOS-provided physical RAM map:
[    0.000000] BIOS-e820: [mem 0x0000000000000000-0x000000000009fbff] usable
[    0.000000] BIOS-e820: [mem 0x000000000009fc00-0x000000000009ffff] reserved
[    0.000000] BIOS-e820: [mem 0x00000000000f0000-0x00000000000fffff] reserved
[    0.000000] BIOS-e820: [mem 0x0000000000100000-0x000000003ffeffff] usable
[    0.000000] BIOS-e820: [mem 0x000000003fff0000-0x000000003fffffff] ACPI data
[    0.000000] BIOS-e820: [mem 0x00000000fec00000-0x00000000fec00fff] reserved
[    0.000000] BIOS-e820: [mem 0x00000000fee00000-0x00000000fee00fff] reserved
[    0.000000] BIOS-e820: [mem 0x00000000fffc0000-0x00000000ffffffff] reserved
[    0.000000] NX (Execute Disable) protection: active
[    0.000000] SMBIOS 2.5 present.
[    0.000000] DMI: innotek GmbH VirtualBox/VirtualBox, BIOS VirtualBox 12/01/2006
[    0.000000] Hypervisor detected: KVM
[    0.000000] e820: last_pfn = 0x3fff0 max_arch_pfn = 0x400000000
[    0.000000] x86/PAT: Configuration [0-7]: WB  WC  UC- UC  WB  WP  UC- WT  
[    0.000000] CPU MTRRs all blank - virtualized system.
[    0.000000] found SMP MP-table at [mem 0x0009fbf0-0x0009fbff]
[    0.000000] Scanning 1 areas for low memory corruption
[    0.000000] RAMDISK: [mem 0x359cb000-0x36cdcfff]
[    0.000000] ACPI: Early table checksum verification disabled
[    0.000000] ACPI: RSDP 0x00000000000E0000 000024 (v02 VBOX  )
[    0.000000] ACPI: XSDT 0x000000003FFF0030 00003C (v01 VBOX   VBOXXSDT 00000001 ASL  00000061)
[    0.000000] ACPI: FACP 0x000000003FFF00F0 0000F4 (v04 VBOX   VBOXFACP 00000001 ASL  00000061)
[    0.000000] ACPI: DSDT 0x000000003FFF0610 002353 (v02 VBOX   VBOXBIOS 00000002 INTL 20100528)
[    0.000000] ACPI: FACS 0x000000003FFF0200 000040
[    0.000000] ACPI: FACS 0x000000003FFF0200 000040
[    0.000000] ACPI: APIC 0x000000003FFF0240 00005C (v02 VBOX   VBOXAPIC 00000001 ASL  00000061)
[    0.000000] ACPI: SSDT 0x000000003FFF02A0 00036C (v01 VBOX   VBOXCPUT 00000002 INTL 20100528)
[    0.000000] ACPI: Reserving FACP table memory at [mem 0x3fff00f0-0x3fff01e3]
[    0.000000] ACPI: Reserving DSDT table memory at [mem 0x3fff0610-0x3fff2962]
[    0.000000] ACPI: Reserving FACS table memory at [mem 0x3fff0200-0x3fff023f]
[    0.000000] ACPI: Reserving FACS table memory at [mem 0x3fff0200-0x3fff023f]
[    0.000000] ACPI: Reserving APIC table memory at [mem 0x3fff0240-0x3fff029b]
[    0.000000] ACPI: Reserving SSDT table memory at [mem 0x3fff02a0-0x3fff060b]
[    0.000000] No NUMA configuration found
[    0.000000] Faking a node at [mem 0x0000000000000000-0x000000003ffeffff]
[    0.000000] NODE_DATA(0) allocated [mem 0x3ffc5000-0x3ffeffff]
[    0.000000] kvm-clock: cpu 0, msr 0:3ff44001, primary cpu clock
[    0.000000] kvm-clock: Using msrs 4b564d01 and 4b564d00
[    0.000000] kvm-clock: using sched offset of 6351635047 cycles
[    0.000000] clocksource: kvm-clock: mask: 0xffffffffffffffff max_cycles: 0x1cd42e4dffb, max_idle_ns: 881590591483 ns
[    0.000000] Zone ranges:
[    0.000000]   DMA      [mem 0x0000000000001000-0x0000000000ffffff]
[    0.000000]   DMA32    [mem 0x0000000001000000-0x000000003ffeffff]
[    0.000000]   Normal   empty
[    0.000000]   Device   empty
[    0.000000] Movable zone start for each node
[    0.000000] Early memory node ranges
[    0.000000]   node   0: [mem 0x0000000000001000-0x000000000009efff]
[    0.000000]   node   0: [mem 0x0000000000100000-0x000000003ffeffff]
[    0.000000] Reserved but unavailable: 104 pages
[    0.000000] Initmem setup node 0 [mem 0x0000000000001000-0x000000003ffeffff]
[    0.000000] ACPI: PM-Timer IO Port: 0x4008
[    0.000000] IOAPIC[0]: apic_id 2, version 32, address 0xfec00000, GSI 0-23
[    0.000000] ACPI: INT_SRC_OVR (bus 0 bus_irq 0 global_irq 2 dfl dfl)
[    0.000000] ACPI: INT_SRC_OVR (bus 0 bus_irq 9 global_irq 9 low level)
[    0.000000] Using ACPI (MADT) for SMP configuration information
[    0.000000] smpboot: Allowing 2 CPUs, 0 hotplug CPUs
[    0.000000] PM: Registered nosave memory: [mem 0x00000000-0x00000fff]
[    0.000000] PM: Registered nosave memory: [mem 0x0009f000-0x0009ffff]
[    0.000000] PM: Registered nosave memory: [mem 0x000a0000-0x000effff]
[    0.000000] PM: Registered nosave memory: [mem 0x000f0000-0x000fffff]
[    0.000000] e820: [mem 0x40000000-0xfebfffff] available for PCI devices
[    0.000000] Booting paravirtualized kernel on KVM
[    0.000000] clocksource: refined-jiffies: mask: 0xffffffff max_cycles: 0xffffffff, max_idle_ns: 7645519600211568 ns
[    0.000000] setup_percpu: NR_CPUS:8192 nr_cpumask_bits:2 nr_cpu_ids:2 nr_node_ids:1
[    0.000000] percpu: Embedded 50 pages/cpu s167936 r8192 d28672 u1048576
[    0.000000] PV qspinlock hash table entries: 256 (order: 0, 4096 bytes)
[    0.000000] Built 1 zonelists, mobility grouping on.  Total pages: 257913
[    0.000000] Policy zone: DMA32
[    0.000000] Kernel command line: BOOT_IMAGE=/boot/vmlinuz-4.15.0-212-generic root=LABEL=cloudimg-rootfs ro console=tty1 console=ttyS0
[    0.000000] Memory: 982644K/1048120K available (12300K kernel code, 2477K rwdata, 4324K rodata, 2480K init, 2720K bss, 65476K reserved, 0K cma-reserved)
[    0.000000] SLUB: HWalign=64, Order=0-3, MinObjects=0, CPUs=2, Nodes=1
[    0.000000] ftrace: allocating 39508 entries in 155 pages
[    0.004000] Hierarchical RCU implementation.
[    0.004000] 	RCU restricting CPUs from NR_CPUS=8192 to nr_cpu_ids=2.
[    0.004000] 	Tasks RCU enabled.
[    0.004000] RCU: Adjusting geometry for rcu_fanout_leaf=16, nr_cpu_ids=2
[    0.004000] NR_IRQS: 524544, nr_irqs: 440, preallocated irqs: 16
[    0.004000] random: crng init done
[    0.004000] Console: colour VGA+ 80x25
[    0.004000] console [tty1] enabled
[    0.004000] console [ttyS0] enabled
[    0.004000] ACPI: Core revision 20170831
[    0.004000] ACPI: 2 ACPI AML tables successfully acquired and loaded
[    0.004000] APIC: Switch to symmetric I/O mode setup
[    0.004000] ..TIMER: vector=0x30 apic1=0 pin1=2 apic2=-1 pin2=-1
[    0.004011] tsc: Detected 2112.006 MHz processor
[    0.008022] Calibrating delay loop (skipped) preset value.. 4224.01 BogoMIPS (lpj=8448024)
[    0.012008] pid_max: default: 32768 minimum: 301
[    0.016294] Security Framework initialized
[    0.020009] Yama: becoming mindful.
[    0.028010] AppArmor: AppArmor initialized
[    0.047506] Dentry cache hash table entries: 131072 (order: 8, 1048576 bytes)
[    0.053789] Inode-cache hash table entries: 65536 (order: 7, 524288 bytes)
[    0.056234] Mount-cache hash table entries: 2048 (order: 2, 16384 bytes)
[    0.060223] Mountpoint-cache hash table entries: 2048 (order: 2, 16384 bytes)
[    0.069899] Last level iTLB entries: 4KB 64, 2MB 8, 4MB 8
[    0.072007] Last level dTLB entries: 4KB 64, 2MB 0, 4MB 0, 1GB 4
[    0.076019] Spectre V1 : Mitigation: usercopy/swapgs barriers and __user pointer sanitization
[    0.080009] Spectre V2 : Mitigation: Enhanced IBRS
[    0.084009] Spectre V2 : Spectre v2 / SpectreRSB mitigation: Filling RSB on context switch
[    0.088012] Spectre V2 : Spectre v2 / PBRSB-eIBRS: Retire a single CALL on VMEXIT
[    0.092010] RETBleed: Mitigation: Enhanced IBRS
[    0.096008] Speculative Store Bypass: Vulnerable
[    0.100123] TAA: Mitigation: TSX disabled
[    0.104007] MMIO Stale Data: Mitigation: Clear CPU buffers
[    0.108013] SRBDS: Unknown: Dependent on hypervisor status
[    0.112502] Freeing SMP alternatives memory: 36K
[    0.240221] APIC calibration not consistent with PM-Timer: 101ms instead of 100ms
[    0.244000] APIC delta adjusted to PM-Timer: 6369006 (6473966)
[    0.244884] smpboot: CPU0: Intel(R) Core(TM) i7-8665U CPU @ 1.90GHz (family: 0x6, model: 0x8e, stepping: 0xc)
[    0.249193] Performance Events: unsupported p6 CPU model 142 no PMU driver, software events only.
[    0.252355] Hierarchical SRCU implementation.
[    0.261218] NMI watchdog: Perf event create on CPU 0 failed with -2
[    0.264004] NMI watchdog: Perf NMI watchdog permanently disabled
[    0.268799] smp: Bringing up secondary CPUs ...
[    0.277168] x86: Booting SMP configuration:
[    0.280005] .... node  #0, CPUs:      #1
[    0.004000] kvm-clock: cpu 1, msr 0:3ff44041, secondary cpu clock
[    0.316276] smp: Brought up 1 node, 2 CPUs
[    0.320013] smpboot: Max logical packages: 1
[    0.324011] smpboot: Total of 2 processors activated (8448.02 BogoMIPS)
[    0.336212] devtmpfs: initialized
[    0.340288] x86/mm: Memory block size: 128MB
[    0.348040] evm: security.selinux
[    0.352007] evm: security.SMACK64
[    0.356006] evm: security.SMACK64EXEC
[    0.360006] evm: security.SMACK64TRANSMUTE
[    0.364007] evm: security.SMACK64MMAP
[    0.368008] evm: security.apparmor
[    0.372007] evm: security.ima
[    0.376007] evm: security.capability
[    0.385245] clocksource: jiffies: mask: 0xffffffff max_cycles: 0xffffffff, max_idle_ns: 7645041785100000 ns
[    0.388030] futex hash table entries: 512 (order: 3, 32768 bytes)
[    0.396586] pinctrl core: initialized pinctrl subsystem
[    0.401467] RTC time: 19:41:08, date: 07/15/25
[    0.409931] NET: Registered protocol family 16
[    0.412299] audit: initializing netlink subsys (disabled)
[    0.420544] audit: type=2000 audit(1752608474.886:1): state=initialized audit_enabled=0 res=1
[    0.452018] cpuidle: using governor ladder
[    0.456026] cpuidle: using governor menu
[    0.460299] ACPI: bus type PCI registered
[    0.464011] acpiphp: ACPI Hot Plug PCI Controller Driver version: 0.5
[    0.469517] PCI: Using configuration type 1 for base access
[    0.488216] HugeTLB registered 2.00 MiB page size, pre-allocated 0 pages
[    0.504655] ACPI: Added _OSI(Module Device)
[    0.508011] ACPI: Added _OSI(Processor Device)
[    0.512015] ACPI: Added _OSI(3.0 _SCP Extensions)
[    0.516012] ACPI: Added _OSI(Processor Aggregator Device)
[    0.520013] ACPI: Added _OSI(Linux-Dell-Video)
[    0.524012] ACPI: Added _OSI(Linux-Lenovo-NV-HDMI-Audio)
[    0.528014] ACPI: Added _OSI(Linux-HPI-Hybrid-Graphics)
[    0.534252] ACPI: Executed 1 blocks of module-level executable AML code
[    0.552856] ACPI: Interpreter enabled
[    0.556037] ACPI: (supports S0 S5)
[    0.560007] ACPI: Using IOAPIC for interrupt routing
[    0.565115] PCI: Using host bridge windows from ACPI; if necessary, use "pci=nocrs" and report a bug
[    0.568662] ACPI: Enabled 2 GPEs in block 00 to 07
[    0.601051] ACPI: PCI Root Bridge [PCI0] (domain 0000 [bus 00-ff])
[    0.604028] acpi PNP0A03:00: _OSC: OS supports [ASPM ClockPM Segments MSI]
[    0.612530] acpi PNP0A03:00: _OSC: not requesting OS control; OS requires [ExtendedConfig ASPM ClockPM MSI]
[    0.616043] acpi PNP0A03:00: fail to add MMCONFIG information, can't access extended PCI configuration space under this bridge.
[    0.626196] PCI host bridge to bus 0000:00
[    0.628014] pci_bus 0000:00: root bus resource [io  0x0000-0x0cf7 window]
[    0.632016] pci_bus 0000:00: root bus resource [io  0x0d00-0xffff window]
[    0.636014] pci_bus 0000:00: root bus resource [mem 0x000a0000-0x000bffff window]
[    0.640022] pci_bus 0000:00: root bus resource [mem 0x40000000-0xfdffffff window]
[    0.644016] pci_bus 0000:00: root bus resource [bus 00-ff]
[    0.661907] pci 0000:00:01.1: legacy IDE quirk: reg 0x10: [io  0x01f0-0x01f7]
[    0.664013] pci 0000:00:01.1: legacy IDE quirk: reg 0x14: [io  0x03f6]
[    0.668011] pci 0000:00:01.1: legacy IDE quirk: reg 0x18: [io  0x0170-0x0177]
[    0.672010] pci 0000:00:01.1: legacy IDE quirk: reg 0x1c: [io  0x0376]
[    0.717458] pci 0000:00:07.0: quirk: [io  0x4000-0x403f] claimed by PIIX4 ACPI
[    0.720099] pci 0000:00:07.0: quirk: [io  0x4100-0x410f] claimed by PIIX4 SMB
[    0.754310] ACPI: PCI Interrupt Link [LNKA] (IRQs 5 9 10 *11)
[    0.761650] ACPI: PCI Interrupt Link [LNKB] (IRQs 5 9 *10 11)
[    0.764597] ACPI: PCI Interrupt Link [LNKC] (IRQs 5 *9 10 11)
[    0.768724] ACPI: PCI Interrupt Link [LNKD] (IRQs 5 9 10 *11)
[    0.776827] SCSI subsystem initialized
[    0.784328] pci 0000:00:02.0: vgaarb: setting as boot VGA device
[    0.788000] pci 0000:00:02.0: vgaarb: VGA device added: decodes=io+mem,owns=io+mem,locks=none
[    0.788015] pci 0000:00:02.0: vgaarb: bridge control possible
[    0.792008] vgaarb: loaded
[    0.796226] ACPI: bus type USB registered
[    0.800046] usbcore: registered new interface driver usbfs
[    0.804109] usbcore: registered new interface driver hub
[    0.808027] usbcore: registered new device driver usb
[    0.816372] EDAC MC: Ver: 3.0.0
[    0.824564] PCI: Using ACPI for IRQ routing
[    0.841136] NetLabel: Initializing
[    0.852007] NetLabel:  domain hash size = 128
[    0.868007] NetLabel:  protocols = UNLABELED CIPSOv4 CALIPSO
[    0.888053] NetLabel:  unlabeled traffic allowed by default
[    0.908957] clocksource: Switched to clocksource kvm-clock
[    1.027448] VFS: Disk quotas dquot_6.6.0
[    1.040701] VFS: Dquot-cache hash table entries: 512 (order 0, 4096 bytes)
[    1.068051] AppArmor: AppArmor Filesystem Enabled
[    1.084156] pnp: PnP ACPI init
[    1.097886] pnp: PnP ACPI: found 3 devices
[    1.122515] clocksource: acpi_pm: mask: 0xffffff max_cycles: 0xffffff, max_idle_ns: 2085701024 ns
[    1.145145] NET: Registered protocol family 2
[    1.158102] IP idents hash table entries: 16384 (order: 5, 131072 bytes)
[    1.177642] TCP established hash table entries: 8192 (order: 4, 65536 bytes)
[    1.197674] TCP bind hash table entries: 8192 (order: 5, 131072 bytes)
[    1.216823] TCP: Hash tables configured (established 8192 bind 8192)
[    1.235599] UDP hash table entries: 512 (order: 2, 16384 bytes)
[    1.251308] UDP-Lite hash table entries: 512 (order: 2, 16384 bytes)
[    1.268703] NET: Registered protocol family 1
[    1.280291] pci 0000:00:00.0: Limiting direct PCI/PCI transfers
[    1.295970] pci 0000:00:01.0: Activating ISA DMA hang workarounds
[    1.310929] pci 0000:00:02.0: Video device with shadowed ROM at [mem 0x000c0000-0x000dffff]
[    1.333478] Unpacking initramfs...
[    2.352055] Freeing initrd memory: 19528K
[    2.677449] clocksource: tsc: mask: 0xffffffffffffffff max_cycles: 0x1e717e40680, max_idle_ns: 440795297614 ns
[    2.696600] platform rtc_cmos: registered platform RTC device (no PNP device found)
[    2.724295] Scanning for low memory corruption every 60 seconds
[    2.750343] Initialise system trusted keyrings
[    2.766466] Key type blacklist registered
[    2.783429] workingset: timestamp_bits=36 max_order=18 bucket_order=0
[    2.804965] zbud: loaded
[    2.815232] squashfs: version 4.0 (2009/01/31) Phillip Lougher
[    2.827632] fuse init (API version 7.26)
[    2.887684] Key type asymmetric registered
[    2.900683] Asymmetric key parser 'x509' registered
[    2.914395] Block layer SCSI generic (bsg) driver version 0.4 loaded (major 246)
[    2.936828] io scheduler noop registered
[    2.948374] io scheduler deadline registered
[    2.960691] io scheduler cfq registered (default)
[    2.974738] ACPI: AC Adapter [AC] (off-line)
[    2.987335] input: Power Button as /devices/LNXSYSTM:00/LNXPWRBN:00/input/input0
[    3.009226] ACPI: Power Button [PWRF]
[    3.019349] input: Sleep Button as /devices/LNXSYSTM:00/LNXSLPBN:00/input/input1
[    3.039589] ACPI: Sleep Button [SLPF]
[    3.053075] Serial: 8250/16550 driver, 32 ports, IRQ sharing enabled
[    3.057959] ACPI: Battery Slot [BAT0] (battery present)
[    3.137459] 00:02: ttyS0 at I/O 0x3f8 (irq = 4, base_baud = 115200) is a 16550A
[    3.160076] Linux agpgart interface v0.103
[    3.192132] loop: module loaded
[    3.211349] scsi host0: ata_piix
[    3.225147] scsi host1: ata_piix
[    3.235870] ata1: PATA max UDMA/33 cmd 0x1f0 ctl 0x3f6 bmdma 0xd000 irq 14
[    3.254502] ata2: PATA max UDMA/33 cmd 0x170 ctl 0x376 bmdma 0xd008 irq 15
[    3.273635] tun: Universal TUN/TAP device driver, 1.6
[    3.287595] PPP generic driver version 2.4.2
[    3.298475] ehci_hcd: USB 2.0 'Enhanced' Host Controller (EHCI) Driver
[    3.317776] ehci-pci: EHCI PCI platform driver
[    3.329980] ehci-platform: EHCI generic platform driver
[    3.344738] ohci_hcd: USB 1.1 'Open' Host Controller (OHCI) Driver
[    3.363283] ohci-pci: OHCI PCI platform driver
[    3.375826] ohci-platform: OHCI generic platform driver
[    3.390037] uhci_hcd: USB Universal Host Controller Interface driver
[    3.407697] i8042: PNP: PS/2 Controller [PNP0303:PS2K,PNP0f03:PS2M] at 0x60,0x64 irq 1,12
[    3.439561] serio: i8042 KBD port at 0x60,0x64 irq 1
[    3.453326] serio: i8042 AUX port at 0x60,0x64 irq 12
[    3.469807] mousedev: PS/2 mouse device common for all mice
[    3.493919] input: AT Translated Set 2 keyboard as /devices/platform/i8042/serio0/input/input2
[    3.526919] rtc_cmos rtc_cmos: rtc core: registered rtc_cmos as rtc0
[    3.549741] rtc_cmos rtc_cmos: alarms up to one day, 114 bytes nvram
[    3.569117] i2c /dev entries driver
[    3.578668] device-mapper: uevent: version 1.0.3
[    3.592480] device-mapper: ioctl: 4.37.0-ioctl (2017-09-20) initialised: dm-devel@redhat.com
[    3.617536] ledtrig-cpu: registered to indicate activity on CPUs
[    3.646616] NET: Registered protocol family 10
[    3.693870] Segment Routing with IPv6
[    3.704343] NET: Registered protocol family 17
[    3.721548] Key type dns_resolver registered
[    3.738115] mce: Using 0 MCE banks
[    3.751137] RAS: Correctable Errors collector initialized.
[    3.770313] sched_clock: Marking stable (3769879977, 0)->(6271438033, -2501558056)
[    3.811776] registered taskstats version 1
[    3.823178] Loading compiled-in X.509 certificates
[    3.853981] Loaded X.509 cert 'Build time autogenerated kernel key: b5b26778eaa3ab3a4a6cee031137706e947d12ad'
[    3.883802] Loaded X.509 cert 'Canonical Ltd. Live Patch Signing: 14df34d1a87cf37625abec039ef2bf521249b969'
[    3.911415] Loaded X.509 cert 'Canonical Ltd. Kernel Module Signing: 88f752e560a1e0737e31163a466ad7b70a850c19'
[    3.938719] blacklist: Loading compiled-in revocation X.509 certificates
[    3.956714] Loaded X.509 cert 'Canonical Ltd. Secure Boot Signing: 61482aa2830d0ab2ad5af10b7250da9033ddcef0'
[    3.984821] Loaded X.509 cert 'Canonical Ltd. Secure Boot Signing (2017): 242ade75ac4a15e50d50c84b0d45ff3eae707a03'
[    4.013509] Loaded X.509 cert 'Canonical Ltd. Secure Boot Signing (ESM 2018): 365188c1d374d6b07c3c8f240f8ef722433d6a8b'
[    4.041063] Loaded X.509 cert 'Canonical Ltd. Secure Boot Signing (2019): c0746fd6c5da3ae827864651ad66ae47fe24b3e8'
[    4.068532] Loaded X.509 cert 'Canonical Ltd. Secure Boot Signing (2021 v1): a8d54bbb3825cfb94fa13c9f8a594a195c107b8d'
[    4.089342] Loaded X.509 cert 'Canonical Ltd. Secure Boot Signing (2021 v2): 4cf046892d6fd3c9a5b03f98d845f90851dc6a8c'
[    4.115463] Loaded X.509 cert 'Canonical Ltd. Secure Boot Signing (2021 v3): 100437bb6de6e469b581e61cd66bce3ef4ed53af'
[    4.142115] Loaded X.509 cert 'Canonical Ltd. Secure Boot Signing (Ubuntu Core 2019): c1d57b8f6b743f23ee41f4f7ee292f06eecadfb9'
[    4.170997] zswap: loaded using pool lzo/zbud
[    4.215997] Key type big_key registered
[    4.225836] Key type trusted registered
[    4.249445] Key type encrypted registered
[    4.260456] AppArmor: AppArmor sha1 policy hashing enabled
[    4.274334] ima: No TPM chip found, activating TPM-bypass! (rc=-19)
[    4.290211] ima: Allocated hash algorithm: sha1
[    4.302601] evm: HMAC attrs: 0x1
[    4.313638]   Magic number: 1:283:698
[    4.325953] rtc_cmos rtc_cmos: setting system clock to 2025-07-15 19:41:13 UTC (1752608473)
[    4.349710] BIOS EDD facility v0.16 2004-Jun-25, 0 devices found
[    4.367918] EDD information not available.
[    4.396675] Freeing unused kernel image memory: 2480K
[    4.440038] Write protecting the kernel read-only data: 20480k
[    4.459637] Freeing unused kernel image memory: 2008K
[    4.473615] Freeing unused kernel image memory: 1820K
[    4.504393] x86/mm: Checked W+X mappings: passed, no W+X pages found.
Loading, please wait...
starting version 237
[    4.812711] e1000: Intel(R) PRO/1000 Network Driver - version 7.3.21-k8-NAPI
[    4.833294] e1000: Copyright (c) 1999-2006 Intel Corporation.
[    4.903056] Fusion MPT base driver 3.04.20
[    4.913835] Copyright (c) 1999-2008 LSI Corporation
[    4.995909] SSE version of gcm_enc/dec engaged.
[    5.035462] Fusion MPT SPI Host driver 3.04.20
[    5.310767] input: ImExPS/2 Generic Explorer Mouse as /devices/platform/i8042/serio1/input/input4
[    6.339647] e1000 0000:00:03.0 eth0: (PCI:33MHz:32-bit) 02:3b:7b:b7:3b:2d
[    6.361461] e1000 0000:00:03.0 eth0: Intel(R) PRO/1000 Network Connection
[    7.585602] e1000 0000:00:08.0 eth1: (PCI:33MHz:32-bit) 08:00:27:0a:ec:76
[    7.602704] e1000 0000:00:08.0 eth1: Intel(R) PRO/1000 Network Connection
[    7.626268] e1000 0000:00:03.0 enp0s3: renamed from eth0
[    7.628717] mptbase: ioc0: Initiating bringup
[    9.370753] e1000 0000:00:08.0 enp0s8: renamed from eth1
[    9.483542] ioc0: LSI53C1030 A0: Capabilities={Initiator}
[   10.770879] scsi host2: ioc0: LSI53C1030 A0, FwRev=00000000h, Ports=1, MaxQ=256, IRQ=20
[   11.058976] scsi 2:0:0:0: Direct-Access     VBOX     HARDDISK         1.0  PQ: 0 ANSI: 5
[   11.163816] scsi target2:0:0: Beginning Domain Validation
[   11.214366] scsi target2:0:0: Domain Validation skipping write tests
[   11.234455] scsi target2:0:0: Ending Domain Validation
[   11.252606] scsi target2:0:0: asynchronous
[   11.273181] scsi 2:0:1:0: Direct-Access     VBOX     HARDDISK         1.0  PQ: 0 ANSI: 5
[   12.159785] scsi target2:0:1: Beginning Domain Validation
[   12.200040] scsi target2:0:1: Domain Validation skipping write tests
[   12.222591] scsi target2:0:1: Ending Domain Validation
[   12.240482] scsi target2:0:1: asynchronous
[   12.297057] sd 2:0:0:0: Attached scsi generic sg0 type 0
[   12.313129] sd 2:0:0:0: [sda] 83886080 512-byte logical blocks: (42.9 GB/40.0 GiB)
[   12.362759] sd 2:0:1:0: Attached scsi generic sg1 type 0
[   12.366312] sd 2:0:1:0: [sdb] 20480 512-byte logical blocks: (10.5 MB/10.0 MiB)
[   12.411471] sd 2:0:0:0: [sda] Write Protect is off
[   12.434344] sd 2:0:0:0: [sda] Incomplete mode parameter data
[   12.455073] sd 2:0:0:0: [sda] Assuming drive cache: write through
[   12.455201] sd 2:0:1:0: [sdb] Write Protect is off
[   12.502913] sd 2:0:1:0: [sdb] Incomplete mode parameter data
[   12.513927]  sda: sda1
[   12.525707] sd 2:0:1:0: [sdb] Assuming drive cache: write through
[   12.574703] sd 2:0:0:0: [sda] Attached SCSI disk
[   12.613224] sd 2:0:1:0: [sdb] Attached SCSI disk
Begin: Loading essential drivers ... [   15.908427] raid6: sse2x1   gen()  3718 MB/s
[   15.968750] raid6: sse2x1   xor()  2707 MB/s
[   16.028339] raid6: sse2x2   gen()  4455 MB/s
[   16.084424] raid6: sse2x2   xor()  3454 MB/s
[   16.144739] raid6: sse2x4   gen()  4821 MB/s
[   16.204345] raid6: sse2x4   xor()  3366 MB/s
[   16.216276] raid6: using algorithm sse2x4 gen() 4821 MB/s
[   16.231035] raid6: .... xor() 3366 MB/s, rmw enabled
[   16.244266] raid6: using ssse3x2 recovery algorithm
[   16.263612] xor: measuring software checksum speed
[   19.369647]    prefetch64-sse: 2113019.000 MB/sec
[   21.427250]    generic_sse: 2101257.000 MB/sec
[   21.443330] xor: using function: prefetch64-sse (2113019.000 MB/sec)
[   21.469652] async_tx: api initialized (async)
done.
Begin: Running /scripts/init-premount ... done.
Begin: Mounting root file system ... Begin: Running /scripts/local-top ... done.
Begin: Running /scripts/local-premount ... [   21.643854] Btrfs loaded, crc32c=crc32c-intel
Scanning for Btrfs filesystems
done.
Warning: fsck not present, so skipping root file system
[   21.814377] EXT4-fs (sda1): mounted filesystem with ordered data mode. Opts: (null)
done.
Begin: Running /scripts/local-bottom ... done.
Begin: Running /scripts/init-bottom ... done.
[   22.381814] ip_tables: (C) 2000-2006 Netfilter Core Team
[   22.437684] systemd[1]: systemd 237 running in system mode. (+PAM +AUDIT +SELINUX +IMA +APPARMOR +SMACK +SYSVINIT +UTMP +LIBCRYPTSETUP +GCRYPT +GNUTLS +ACL +XZ +LZ4 +SECCOMP +BLKID +ELFUTILS +KMOD -IDN2 +IDN -PCRE2 default-hierarchy=hybrid)
[   22.482783] systemd[1]: Detected virtualization oracle.
[   22.494140] systemd[1]: Detected architecture x86-64.

Welcome to [1mUbuntu 18.04.6 LTS[0m!

[   22.594715] systemd[1]: Set hostname to <ubuntu>.
[   22.623511] systemd[1]: Initializing machine ID from random generator.
[   22.643629] systemd[1]: Installed transient /etc/machine-id file.
[   23.444469] systemd[1]: Reached target Mounting snaps.
[[0;32m  OK  [0m] Reached target Mounting snaps.
[   23.465029] systemd[1]: Started Forward Password Requests to Wall Directory Watch.
[[0;32m  OK  [0m] Started Forward Password Requests to Wall Directory Watch.
[   23.526039] systemd[1]: Created slice System Slice.
[[0;32m  OK  [0m] Created slice System Slice.
[   23.545666] systemd[1]: Listening on LVM2 poll daemon socket.
[[0;32m  OK  [0m] Listening on LVM2 poll daemon socket.
[[0;32m  OK  [0m] Listening on LVM2 metadata daemon socket.
[[0;32m  OK  [0m] Listening on Journal Socket.
         Starting Set the console keyboard layout...
         Mounting Kernel Debug File System...
         Mounting Huge Pages File System...
         Starting Uncomplicated firewall...
[[0;32m  OK  [0m] Listening on /dev/initctl Compatibility Named Pipe.
[[0;32m  OK  [0m] Listening on udev Control Socket.
[[0;32m  OK  [0m] Listening on Syslog Socket.
[[0;32m  OK  [0m] Created slice system-serial\x2dgetty.slice.
         Mounting POSIX Message Queue File System...
[[0;32m  OK  [0m] Listening on Journal Audit Socket.
[[0;32m  OK  [0m] Listening on Device-mapper event daemon FIFOs.
         Starting Monitoring of LVM2 mirrorsâ€¦ng dmeventd or progress polling...
[[0;32m  OK  [0m] Listening on fsck to fsckd communication Socket.
         Starting File System Check on Root Device...
[[0;32m  OK  [0m] Created slice User and Session Slice.
[[0;32m  OK  [0m] Reached target Slices.
         Starting Create list of required stâ€¦ce nodes for the current kernel...
[[0;32m  OK  [0m] Listening on Network Service Netlink Socket.
[[0;32m  OK  [0m] Reached target Mounted snaps.
[[0;32m  OK  [0m] Reached target User and Group Name Lookups.
[[0;32m  OK  [0m] Reached target System Time Synchronized.
[[0;32m  OK  [0m] Listening on udev Kernel Socket.
         Starting udev Coldplug all Devices...
         Starting Load Kernel Modules...
[[0;32m  OK  [0m] Reached target Swap.
[[0;32m  OK  [0m] Listening on Journal Socket (/dev/log).
         Starting Journal Service...
[[0;32m  OK  [0m] Set up automount Arbitrary Executabâ€¦rmats File System Automount Point.
[[0;32m  OK  [0m] Mounted Kernel Debug File System.
[[0;32m  OK  [0m] Mounted Huge Pages File System.
[[0;32m  OK  [0m] Started Uncomplicated firewall.
[[0;32m  OK  [0m] Mounted POSIX Message Queue File System.
[[0;32m  OK  [0m] Started Create list of required staâ€¦vice nodes for the current kernel.
[[0;32m  OK  [0m] Started LVM2 metadata daemon.
[[0;32m  OK  [0m] Started File System Check Daemon to report status.
         Starting Create Static Device Nodes in /dev...
[   24.167419] Loading iSCSI transport class v2.0-870.
[[0;32m  OK  [0m] Started File System Check on Root Device.
         Starting Remount Root and Kernel File Systems...
[[0;32m  OK  [0m] Started Monitoring of LVM2 mirrors,â€¦sing dmeventd or progress polling.
[[0;32m  OK  [0m] Started udev Coldplug all Devices.
[   24.369128] EXT4-fs (sda1): re-mounted. Opts: (null)
[[0;32m  OK  [0m] Started Journal Service.
[[0;32m  OK  [0m] Started Remount Root and Kernel File Systems.
[[0;32m  OK  [0m] Started Create Static Device Nodes in /dev.
         Starting Load/Save Random Seed...[   24.462605] iscsi: registered transport (tcp)

         Starting udev Kernel Device Manager...
         Starting Flush Journal to Persistent Storage...
[[0;32m  OK  [0m] Started Load/Save Random Seed.
[   24.619655] systemd-journald[437]: Received request to flush runtime journal from PID 1
[[0;32m  OK  [0m] Started udev Kernel Device Manager.
[   24.828158] iscsi: registered transport (iser)
[[0;32m  OK  [0m] Started Load Kernel Modules.
         Starting Apply Kernel Variables...
         Mounting FUSE Control File System...
         Mounting Kernel Configuration File System...
[[0;32m  OK  [0m] Started Flush Journal to Persistent Storage.
[[0;32m  OK  [0m] Mounted FUSE Control File System.
[[0;32m  OK  [0m] Mounted Kernel Configuration File System.
[[0;32m  OK  [0m] Started Apply Kernel Variables.
[[0;32m  OK  [0m] Found device /dev/ttyS0.
[[0;32m  OK  [0m] Listening on Load/Save RF Kill Switch Status /dev/rfkill Watch.
[[0;32m  OK  [0m] Started Set the console keyboard layout.
         Mounting Arbitrary Executable File Formats File System...
[[0;32m  OK  [0m] Reached target Local File Systems (Pre).
[[0;32m  OK  [0m] Reached target Local File Systems.
         Starting ebtables ruleset management...
         Starting Create Volatile Files and Directories...
         Starting AppArmor initialization...
         Starting Set console font and keymap...
         Starting Tell Plymouth To Write Out Runtime Data...
         Starting Commit a transient machine-id on disk...
[[0;32m  OK  [0m] Started Dispatch Password Requests to Console Directory Watch.
[[0;32m  OK  [0m] Reached target Local Encrypted Volumes.
[[0;32m  OK  [0m] Mounted Arbitrary Executable File Formats File System.
[[0;32m  OK  [0m] Started Tell Plymouth To Write Out Runtime Data.
[[0;32m  OK  [0m] Started Create Volatile Files and Directories.
         Starting Update UTMP about System Boot/Shutdown...
[[0;32m  OK  [0m] Started Commit a transient machine-id on disk.
[[0;32m  OK  [0m] Started Update UTMP about System Boot/Shutdown.
[[0;32m  OK  [0m] Started ebtables ruleset management.
[[0;32m  OK  [0m] Started AppArmor initialization.
         Starting Initial cloud-init job (pre-networking)...
         Starting Load AppArmor profiles managed internally by snapd...
[[0;32m  OK  [0m] Started Load AppArmor profiles managed internally by snapd.
[[0;32m  OK  [0m] Started Set console font and keymap.
[   34.875047] cloud-init[763]: Cloud-init v. 23.1.2-0ubuntu0~18.04.1 running 'init-local' at Tue, 15 Jul 2025 19:41:42 +0000. Up 33.81 seconds.
[[0;32m  OK  [0m] Started Initial cloud-init job (pre-networking).
[[0;32m  OK  [0m] Reached target Network (Pre).
         Starting Network Service...
[[0;32m  OK  [0m] Started Network Service.
         Starting Wait for Network to be Configured...
         Starting Network Name Resolution...
[[0;32m  OK  [0m] Started Network Name Resolution.
[[0;32m  OK  [0m] Reached target Network.
[[0;32m  OK  [0m] Reached target Host and Network Name Lookups.
[[0;32m  OK  [0m] Started Wait for Network to be Configured.
         Starting Initial cloud-init job (metadata service crawler)...
[   39.391878] cloud-init[907]: Cloud-init v. 23.1.2-0ubuntu0~18.04.1 running 'init' at Tue, 15 Jul 2025 19:41:47 +0000. Up 38.78 seconds.
[   39.417009] cloud-init[907]: ci-info: ++++++++++++++++++++++++++++++++++++++++++++Net device info++++++++++++++++++++++++++++++++++++++++++++
[   39.441217] cloud-init[907]: ci-info: +--------+-------+---------------------------------------+---------------+--------+-------------------+
[   39.467623] cloud-init[907]: ci-info: | Device |   Up  |                Address                |      Mask     | Scope  |     Hw-Address    |
[   39.514340] cloud-init[907]: ci-info: +--------+-------+---------------------------------------+---------------+--------+-------------------+
[   39.558632] cloud-init[907]: ci-info: | enp0s3 |  True |               10.0.2.15               | 255.255.255.0 | global | 02:3b:7b:b7:3b:2d |
[   39.602606] cloud-init[907]: ci-info: | enp0s3 |  True | fd17:625c:f037:2:3b:7bff:feb7:3b2d/64 |       .       | global | 02:3b:7b:b7:3b:2d |
[   39.640290] cloud-init[907]: ci-info: | enp0s3 |  True |       fe80::3b:7bff:feb7:3b2d/64      |       .       |  link  | 02:3b:7b:b7:3b:2d |
[   39.677444] cloud-init[907]: ci-info: | enp0s8 | False |                   .                   |       .       |   .    | 08:00:27:0a:ec:76 |
[   39.713416] cloud-init[907]: ci-info: |   lo   |  True |               127.0.0.1               |   255.0.0.0   |  host  |         .         |
[   39.757627] cloud-init[907]: ci-info: |   lo   |  True |                ::1/128                |       .       |  host  |         .         |
[   39.807385] cloud-init[907]: ci-info: +--------+-------+---------------------------------------+---------------+--------+-------------------+
[   39.833229] cloud-init[907]: ci-info: ++++++++++++++++++++++++++++Route IPv4 info+++++++++++++++++++++++++++++
[   39.847291] cloud-init[907]: ci-info: +-------+-------------+----------+-----------------+-----------+-------+
[   39.859200] cloud-init[907]: ci-info: | Route | Destination | Gateway  |     Genmask     | Interface | Flags |
[   39.871201] cloud-init[907]: ci-info: +-------+-------------+----------+-----------------+-----------+-------+
[   39.886084] cloud-init[907]: ci-info: |   0   |   0.0.0.0   | 10.0.2.2 |     0.0.0.0     |   enp0s3  |   UG  |
[   39.899412] cloud-init[907]: ci-info: |   1   |   10.0.2.0  | 0.0.0.0  |  255.255.255.0  |   enp0s3  |   U   |
[   39.910703] cloud-init[907]: ci-info: |   2   |   10.0.2.2  | 0.0.0.0  | 255.255.255.255 |   enp0s3  |   UH  |
[   39.923949] cloud-init[907]: ci-info: +-------+-------------+----------+-----------------+-----------+-------+
[   39.935596] cloud-init[907]: ci-info: ++++++++++++++++++++++++Route IPv6 info++++++++++++++++++++++++
[   39.947434] cloud-init[907]: ci-info: +-------+-----------------------+---------+-----------+-------+
[   39.958261] cloud-init[907]: ci-info: | Route |      Destination      | Gateway | Interface | Flags |
[   39.970588] cloud-init[907]: ci-info: +-------+-----------------------+---------+-----------+-------+
[   39.984831] cloud-init[907]: ci-info: |   1   | fd17:625c:f037:2::/64 |    ::   |   enp0s3  |   U   |
[   40.003415] cloud-init[907]: ci-info: |   2   |       fe80::/64       |    ::   |   enp0s3  |   U   |
[   40.025429] cloud-init[907]: ci-info: |   3   |          ::/0         | fe80::2 |   enp0s3  |   UG  |
[   40.043912] cloud-init[907]: ci-info: |   5   |         local         |    ::   |   enp0s3  |   U   |
[   40.059725] cloud-init[907]: ci-info: |   6   |        ff00::/8       |    ::   |   enp0s3  |   U   |
[   40.079457] cloud-init[907]: ci-info: +-------+-----------------------+---------+-----------+-------+
[   42.523016] cloud-init[907]: Generating public/private rsa key pair.
[   42.539051] cloud-init[907]: Your identification has been saved in /etc/ssh/ssh_host_rsa_key.
[   42.558797] cloud-init[907]: Your public key has been saved in /etc/ssh/ssh_host_rsa_key.pub.
[   42.578684] cloud-init[907]: The key fingerprint is:
[   42.594573] cloud-init[907]: SHA256:Z4PcqbGi3RAqTWADr1FuRLdNSoixkyhYQksSEyz6MdE root@ubuntu-bionic
[   42.613544] cloud-init[907]: The key's randomart image is:
[   42.628293] cloud-init[907]: +---[RSA 2048]----+
[   42.643719] cloud-init[907]: |@O=oo .          |[[0;32m  OK  [0m] Started Initial cloud-init job (metadata service crawler).
[[0;32m  OK  [0m] Reached target Cloud-config availability.
[[0;32m  OK  [0m] Reached target System Initialization.
[[0;32m  OK  [0m] Started Message of the Day.
[[0;32m  OK  [0m] Listening on UUID daemon activation socket.
[[0;32m  OK  [0m] Listening on D-Bus System Message Bus Socket.
[[0;32m  OK  [0m] Started Discard unused blocks once a week.

         Starting LXD - unix socket.
[[0;32m  OK  [0m] Listening on cloud-init hotplug hook socket.
[[0;32m  OK  [0m] Listening on ACPID Listen Socket.
[[0;32m  OK  [0m] Listening on Open-iSCSI iscsid Socket.
[[0;32m  OK  [0m] Started Daily apt download activities.
[   42.704228] cloud-init[907]: |B&+oE=           |
[   42.737575] cloud-init[907]: |@.B.o .          |
[[0;32m  OK  [0m] Started Daily apt upgrade and clean activities.
[   42.745652] cloud-init[907]: |o*oo   . o .     |
[[0;32m  OK  [0m] Started ACPI Events Check.
[   42.767545]          Starting Socket activation for snappy daemon.
[[0;32m  OK  [0m] Started Daily Cleanup of Temporary Directories.
[[0;32m  OK  [0m] Started Ubuntu Advantage Timer for running repeated jobs.
[[0;32m  OK  [0m] Reached target Paths.
[[0;32m  OK  [0m] Reached target Timers.
[[0;32m  OK  [0m] Reached target Network is Online.
cloud-init[907]: |.. o. . S *      |
[[0;32m  OK  [0m] Reached target Remote File Systems (Pre).
[[0;32m  OK  [0m] Reached target Remote File Systems.
[   42.805244]          Starting Availability of block devices...
[[0;32m  OK  [0m] Listening on LXD - unix socket.
cloud-init[907]: |  .o . . * .     |
[[0;32m  OK  [0m] Started Availability of block devices.
[   42.835111] cloud-init[907]: |  . o o o        |
[   42.847528] cloud-init[907]: |   . o +         |
[   42.853851] cloud-init[907]: |    . . .        |
[[   42.866640] cloud-init[907]: +----[SHA256]-----+
[   42.867058] cloud-init[907]: Generating public/private dsa key pair.
[0;32m  OK  [0m] Listening on Socket activation for snappy daemon.
[   42.867400] cloud-init[907]: Your identification has been saved in /etc/ssh/ssh_host_dsa_key.
[   42.874890] cloud-init[907]: Your public key has been saved in /etc/ssh/ssh_host_dsa_key.pub.
[   42.876562] cloud-init[907]: The key fingerprint is:
[   42.878826] cloud-init[907]: SHA256:GNk8E+d+P9UTcOgBaNc9FjDMfX2ot+pLJDrT/NNTz3o root@ubuntu-bionic
[[0;32m  OK  [0m] Reached target Sockets.
[[0;32m  OK  [0m] Reached target Basic System.
         Starting Dispatcher daemon for systemd-networkd...
[   42.880035] cloud-init[907]: The key's randomart image is:
[   42.934250]          Starting System Logging Service...
cloud-init[907]: +---[DSA 1024]----+
[   42.944288] cloud-init[907]: |        . o.=+=+o|
[   42.948934] cloud-init[907]: |       + * . *==+|
[   42.952142] cloud-init[907]: |      o * o ..o.+|
[   42.957015] cloud-init[907]: |       o +  ... o|
[   42.960756] cloud-init[907]: |      . S o o. oo|
[   42.964492] cloud-init[907]: |         + + ...o|
[   42.967873] cloud-init[907]: |        + o .ooo.|
[   42.970876] cloud-init[907]: |         o oo o.E|
[   42.974534] cloud-init[907]: |           .+o.+ |
[[0;32m  OK  [0m] Started Regular background program processing daemon.
[[0;32m  OK  [0m] Reached target Login Prompts (Pre).
         Starting LXD - container startup/shutdown...
         Starting LSB: automatic crash report generation...
[   42.986470] cloud-init[907]: +----[SHA256]-----+
[   43.012127] cloud-init[907]: Generating public/private ecdsa key pair.
[   43.018255] cloud-init[907]: Your identification has been saved in /etc/ssh/ssh_host_ecdsa_key.
[   43.023681] cloud-init[907]: Your public key has been saved in /etc/ssh/ssh_host_ecdsa_key.pub.
[   43.030326] cloud-init[907]: The key fingerprint is:
[[0;32m  OK  [0m] Started irqbalance daemon.
         Starting Accounts Service...
[   43.053930] cloud-init[907]: SHA256:6Xn9m28KiA5NKSvVDibFh8knNIAugK1G6y59YMTRoQw root@ubuntu-bionic
[   43.068814] cloud-init[907]: The key's randomart image is:
[   43.079515] cloud-init[907]: +---[ECDSA 256]---+         Starting Pollinate to seed the pseudo random number generator...
[[0;32m  OK  [0m] Started Deferred execution scheduler.

[   43.112246] cloud-init[907]: |E. oooo          |
[   43.127131] cloud-init[907]: |o++..+ +         |
[   43.145894] cloud-init[907]: |o++.  B o        |
[   43.162952] cloud-init[907]: |oo+  . = o       |
[   43.168778] cloud-init[907]: |oo  . = S        |
[   43.171806] cloud-init[907]: | .o  + O o o     |
[   43.174923] cloud-init[907]: |.o .. o * o o    |
[   43.177981] cloud-init[907]: |... .. o .   o ..|
[   43.180876] cloud-init[907]: |.  .    .     ==.|
[   43.194120] cloud-init[907]: +----[SHA256]-----+
         Starting Permit User Sessions...
[   43.204730] cloud-init         Starting Virtualbox guest utils...
[[0;32m  OK  [0m] Started D-Bus System Message Bus.
[907]: Generating public/private ed25519 key pair.
[   43.228794] cloud-init[907]: Your identification has been saved in /etc/ssh/ssh_host_ed25519_key.
[   43.245432] cloud-init[907]: Your public key has been saved in /etc/ssh/ssh_host_ed25519_key.pub.
[   43.268727] cloud-init[907]: The key fingerprint is:
[   43.279467] cloud-init[907]: SHA256:CkuV5GWWm78xp0nSFGczYuH434WepUw3YxE1TWEI8LQ root@ubuntu-bionic
[   43.337222] cloud-init[907]: The key's randomart image is:
[   43.386076] cloud-init[907]: +--[ED25519 256]--+
[   43.417077] cloud-init[907]: |      . +oo+. .**|
[   43.442020] cloud-init[907]: |     o =.o* *.. +|
[   43.452604] cloud-init[907]: |      + .+.E o . |
[   43.461934] cloud-init[907]: |     .  o..    ..|
         Starting Login Service...
         Starting LSB: Record successful boot for GRUB...
[[0;32m  OK  [0m] Started FUSE filesystem for LXC.
[   43.487383] cloud-init[907]: |    o   S+.   o++|
[   43.510279] cloud-init[907]: |   . o .. *..=.*o|
[   43.537046] cloud-init[907]: |    . .  o B. *  |
         Starting Snap Daemon...
[[0;32m  OK  [0m] Started System Logging Service.
[[0;32m  OK  [0m] Started Permit User Sessions.
[   43.567350] cloud-init[907]: |          +      |
[   43.601218] cloud-init[907]: |                 |
[   43.626054] cloud-init[907]: +----[SHA256]-----+
         Starting Authorization Manager...
         Starting Hostname Service...
         Starting Hold until boot process finishes up...
         Starting Terminate Plymouth Boot Screen...
[[0;32m  OK  [0m] Started LSB: automatic crash report generation.
[[0;32m  OK  [0m] Started Hold until boot process finishes up.
[[0;32m  OK  [0m] Started Terminate Plymouth Boot Screen.
         Starting Set console scheme...
[[0;32m  OK  [0m] Started Serial Getty on ttyS0.
[[0;32m  OK  [0m] Started Set console scheme.
[[0;32m  OK  [0m] Created slice system-getty.slice.
[[0;32m  OK  [0m] Started Getty on tty1.
[[0;32m  OK  [0m] Reached target Login Prompts.
[[0;32m  OK  [0m] Started Login Service.
[[0;32m  OK  [0m] Started Unattended Upgrades Shutdown.
[[0;32m  OK  [0m] Started Hostname Service.
[[0;32m  OK  [0m] Started Authorization Manager.
[[0;32m  OK  [0m] Started Accounts Service.
[[0;32m  OK  [0m] Started LSB: Record successful boot for GRUB.
[[0;32m  OK  [0m] Started Virtualbox guest utils.
[[0;32m  OK  [0m] Started LXD - container startup/shutdown.
[[0;32m  OK  [0m] Started Dispatcher daemon for systemd-networkd.
[[0;32m  OK  [0m] Started Snap Daemon.
         Starting Wait until snapd is fully seeded...
[[0;32m  OK  [0m] Started Pollinate to seed the pseudo random number generator.
         Starting OpenBSD Secure Shell server...
[[0;32m  OK  [0m] Started OpenBSD Secure Shell server.
[[0;32m  OK  [0m] Created slice User Slice of vagrant.
         Starting User Manager for UID 1000...
[[0;32m  OK  [0m] Started Session 1 of user vagrant.

Ubuntu 18.04.6 LTS ubuntu-bionic ttyS0

ubuntu-bionic login: [   58.611476] cloud-init[1513]: Cloud-init v. 23.1.2-0ubuntu0~18.04.1 running 'modules:config' at Tue, 15 Jul 2025 19:42:06 +0000. Up 57.28 seconds.
ci-info: no authorized SSH keys fingerprints found for user ubuntu.
<14>Jul 15 19:42:10 cloud-init: #############################################################
<14>Jul 15 19:42:10 cloud-init: -----BEGIN SSH HOST KEY FINGERPRINTS-----
<14>Jul 15 19:42:10 cloud-init: 1024 SHA256:GNk8E+d+P9UTcOgBaNc9FjDMfX2ot+pLJDrT/NNTz3o root@ubuntu-bionic (DSA)
<14>Jul 15 19:42:10 cloud-init: 256 SHA256:6Xn9m28KiA5NKSvVDibFh8knNIAugK1G6y59YMTRoQw root@ubuntu-bionic (ECDSA)
<14>Jul 15 19:42:10 cloud-init: 256 SHA256:CkuV5GWWm78xp0nSFGczYuH434WepUw3YxE1TWEI8LQ root@ubuntu-bionic (ED25519)
<14>Jul 15 19:42:10 cloud-init: 2048 SHA256:Z4PcqbGi3RAqTWADr1FuRLdNSoixkyhYQksSEyz6MdE root@ubuntu-bionic (RSA)
<14>Jul 15 19:42:10 cloud-init: -----END SSH HOST KEY FINGERPRINTS-----
<14>Jul 15 19:42:10 cloud-init: #############################################################
-----BEGIN SSH HOST KEY KEYS-----
ecdsa-sha2-nistp256 AAAAE2VjZHNhLXNoYTItbmlzdHAyNTYAAAAIbmlzdHAyNTYAAABBBMfZwbxmbTBu995WetaORb18dP1E3sYNy37jzK3HLRg7TiSQZGMC/tHYGUv3BtRBGuoWuMe8O8V+862LIUFYCaA= root@ubuntu-bionic
ssh-ed25519 AAAAC3NzaC1lZDI1NTE5AAAAIHFEgYtdQOLss5VVKWLJcYAOZxC3uLhInBMaXGQ0Evfu root@ubuntu-bionic
ssh-rsa AAAAB3NzaC1yc2EAAAADAQABAAABAQDR4laa1wvpHqM6CDQX8fCotDAAbds9HTCOqf7hQDUlO3nr38WOlVg30A7H68uNONeQGturyr5Q/JDHt8hZ4Uy0Ykwcs/EUe3Th5n1MP5TwhKOs1g19HyX1/UiFnIguRQl7Y0dOTnGy5SCPBMhfV7BQhbpO53l457f5QB51sCIV8Q52M83HS/i0hXWDIljBSYAvf8kYsMsWaewB5Cxg9o8GvDzGj4BzKqGeYqQS2APORA6tcJPQk04B2s3Roa26MS7QB8H+MP3OxVJhHQ5Prd0SDDPBnlhvjkJPvqpYb1Nn7BCpMe00a3sHhQt5Spr5aj8+NweH68/sPI6H0VqJ8WHX root@ubuntu-bionic
-----END SSH HOST KEY KEYS-----
[   61.215806] cloud-init[1677]: Cloud-init v. 23.1.2-0ubuntu0~18.04.1 running 'modules:final' at Tue, 15 Jul 2025 19:42:09 +0000. Up 60.23 seconds.
[   61.216720] cloud-init[1677]: Cloud-init v. 23.1.2-0ubuntu0~18.04.1 finished at Tue, 15 Jul 2025 19:42:10 +0000. Datasource DataSourceNoCloud [seed=/dev/sdb][dsmode=net].  Up 61.07 seconds
